// Jest Snapshot v1, https://goo.gl/fbAQLP

exports[`App snapshot renders 1`] = `
<div>
  <h1>
    My Counter
  </h1>
  <p>
    0
  </p>
  <button
    className="increment"
    onClick={[Function]}
    type="button"
  >
    Increment
  </button>
  <button
    className="decrement"
    onClick={[Function]}
    type="button"
  >
    Decrement
  </button>
</div>
`;

exports[`Counter snapshot renders 1`] = `
<p>
  1
</p>
`;
